ctrlpan\golddrop.cel
ctrlpan\p8bulbs.cel
ctrlpan\p8but2.cel
ctrlpan\panel8.cel
ctrlpan\panel8bu.cel
ctrlpan\smaltext.cel
ctrlpan\spelicon.cel
ctrlpan\talkbutt.cel
ctrlpan\talkpanl.cel
data\inv\objcurs.cel
data\bigtgold.cel
data\char.cel
data\charbut.cel
data\medtexts.cel
data\optbar.cel
data\option.cel
data\pentspin.cel
data\quest.cel
data\textbox.cel
data\textbox2.cel
data\textslid.cel
data\inv\inv.cel
gendata\cut2.cel
gendata\cut2.pal
gendata\cut3.cel
gendata\cut3.pal
gendata\cut4.cel
gendata\cut4.pal
gendata\cutgate.cel
gendata\cutgate.pal
gendata\cutl1d.cel
gendata\cutl1d.pal
gendata\cutportl.cel
gendata\cutportl.pal
gendata\cutportr.cel
gendata\cutportr.pal
gendata\cutstart.cel
gendata\cutstart.pal
gendata\cuttt.cel
gendata\cuttt.pal
gendata\diablo1.smk
items\armor2.cel
items\axe.cel
items\axeflip.cel
items\bldstn.cel
items\bottle.cel
items\bow.cel
items\cleaver.cel
items\fbttle.cel
items\fheart.cel
items\food.cel
items\goldflip.cel
items\helmut.cel
items\larmor.cel
items\mace.cel
items\manaflip.cel
items\ring.cel
items\rock.cel
items\scroll.cel
items\shield.cel
items\staff.cel
items\swrdflip.cel
items\wand.cel
levels\towndata\town.cel
levels\towndata\town.min
levels\towndata\town.til
levels\towndata\town.pal
levels\towndata\town.sol
levels\towndata\sector1s.dun
levels\towndata\sector2s.dun
levels\towndata\sector3s.dun
levels\towndata\sector4s.dun
levels\l1data\l1.cel
levels\l1data\l1.min
levels\l1data\l1.til
levels\l1data\l1.pal
levels\l1data\l1.sol
levels\l1data\l1.amp
levels\l1data\l1s.cel
levels\l1data\banner1.dun
levels\l1data\banner2.dun
levels\l1data\sklkng1.dun
levels\l1data\sklkng2.dun
levels\l1data\vile1.dun
levels\l1data\hero1.dun
levels\l1data\hero2.dun
levels\l2data\l2.cel
levels\l2data\l2.min
levels\l2data\l2.til
levels\l2data\l2.pal
levels\l2data\l2.sol
levels\l2data\l2.amp
levels\l2data\l2s.cel
levels\l2data\bonestr1.dun
levels\l2data\bonestr2.dun
levels\l2data\blind1.dun
levels\l2data\blind2.dun
levels\l2data\blood1.dun
levels\l2data\blood2.dun
levels\l3data\l3.cel
levels\l3data\l3.min
levels\l3data\l3.til
levels\l3data\l3.pal
levels\l3data\l3.sol
levels\l3data\l3.amp
levels\l4data\l4.cel
levels\l4data\l4.min
levels\l4data\l4.til
levels\l4data\l4.sol
levels\l4data\l4.amp
levels\l4data\diab1.dun
levels\l4data\diab2a.dun
levels\l4data\diab2b.dun
levels\l4data\diab3a.dun
levels\l4data\diab3b.dun
levels\l4data\diab4a.dun
levels\l4data\diab4b.dun
levels\l4data\vile1.dun
levels\l4data\vile2.dun
monsters\fat\fat.trn
monsters\unrav\unravw.cel
music\dintro.wav
music\dlvla.wav
music\dlvlb.wav
music\dlvlc.wav
music\dlvld.wav
music\dtowne.wav
objects\altboy.cel
objects\angel.cel
objects\armstand.cel
objects\banner.cel
objects\barrel.cel
objects\barrelex.cel
objects\bcase.cel
objects\bkslbrnt.cel
objects\bkurns.cel
objects\bloodfnt.cel
objects\book1.cel
objects\book2.cel
objects\bshelf.cel
objects\burncros.cel
objects\candle2.cel
objects\candlabr.cel
objects\cauldren.cel
objects\chest1.cel
objects\chest2.cel
objects\chest3.cel
objects\cruxsk1.cel
objects\cruxsk2.cel
objects\cruxsk3.cel
objects\decap.cel
objects\dirtfall.cel
objects\explod1.cel
objects\explod2.cel
objects\firewal1.cel
objects\flame1.cel
objects\flame3.cel
objects\goatshrn.cel
objects\l1braz.cel
objects\l1doors.cel
objects\l2doors.cel
objects\l3doors.cel
objects\lever.cel
objects\lshrineg.cel
objects\lzstand.cel
objects\mcirl.cel
objects\mfountn.cel
objects\miniwatr.cel
objects\mushptch.cel
objects\nude2.cel
objects\pfountn.cel
objects\prsrplt1.cel
objects\rockstan.cel
objects\rshrineg.cel
objects\sarc.cel
objects\skulfire.cel
objects\skulpile.cel
objects\skulstik.cel
objects\switch4.cel
objects\tnudem.cel
objects\tnudew.cel
objects\traphole.cel
objects\tsoul.cel
objects\vapor1.cel
objects\water.cel
objects\weapstnd.cel
objects\wtorch1.cel
objects\wtorch2.cel
objects\wtorch3.cel
objects\wtorch4.cel
sfx\misc\bfire.wav
sfx\misc\cast1.wav
sfx\misc\cast2.wav
sfx\misc\cast3.wav
sfx\misc\cast4.wav
sfx\misc\cast5.wav
sfx\misc\cast6.wav
sfx\misc\cast7.wav
sfx\misc\cast8.wav
sfx\misc\dead.wav
sfx\misc\fmag.wav
sfx\misc\healing.wav
sfx\misc\holybolt.wav
sfx\misc\infravis.wav
sfx\misc\invpot.wav
sfx\misc\lmag.wav
sfx\misc\ltning.wav
sfx\misc\portal.wav
sfx\misc\questdon.wav
sfx\misc\repair.wav
sfx\misc\scurse.wav
sfx\misc\shatter.wav
sfx\misc\swing.wav
sfx\misc\swing2.wav
sfx\misc\teleport.wav
sfx\misc\tmag.wav
sfx\misc\walk1.wav
sfx\misc\walk2.wav
sfx\misc\walk3.wav
sfx\misc\walk4.wav
sfx\towners\tavown10.wav
sfx\towners\tavown11.wav
sfx\towners\tavown12.wav
sfx\towners\tavown13.wav
sfx\towners\tavown14.wav
sfx\towners\tavown15.wav
sfx\towners\tavown16.wav
sfx\towners\tavown17.wav
sfx\towners\tavown18.wav
sfx\towners\tavown19.wav
sfx\towners\tavown20.wav
sfx\towners\tavown21.wav
sfx\towners\tavown22.wav
sfx\towners\tavown23.wav
sfx\towners\tavown24.wav
sfx\towners\tavown25.wav
sfx\towners\tavown26.wav
sfx\towners\tavown27.wav
sfx\towners\tavown28.wav
sfx\towners\tavown29.wav
sfx\towners\tavown30.wav
sfx\towners\tavown31.wav
sfx\towners\tavown32.wav
sfx\towners\tavown33.wav
sfx\towners\tavown34.wav
sfx\towners\tavown35.wav
sfx\towners\tavown36.wav
sfx\towners\tavown37.wav
sfx\towners\tavown38.wav
sfx\towners\tavown39.wav
sfx\towners\tavown40.wav
sfx\towners\tavown41.wav
sfx\towners\tavown42.wav
sfx\towners\tavown43.wav
sfx\towners\tavown44.wav
sfx\towners\tavown45.wav
sfx\towners\healer10.wav
sfx\towners\healer11.wav
sfx\towners\healer12.wav
sfx\towners\healer13.wav
sfx\towners\healer14.wav
sfx\towners\healer15.wav
sfx\towners\healer16.wav
sfx\towners\healer17.wav
sfx\towners\healer18.wav
sfx\towners\healer19.wav
sfx\towners\healer20.wav
sfx\towners\healer21.wav
sfx\towners\healer22.wav
sfx\towners\healer23.wav
sfx\towners\healer24.wav
sfx\towners\healer25.wav
sfx\towners\healer26.wav
sfx\towners\healer27.wav
sfx\towners\healer28.wav
sfx\towners\healer29.wav
sfx\towners\healer30.wav
sfx\towners\healer31.wav
sfx\towners\healer32.wav
sfx\towners\healer33.wav
sfx\towners\healer34.wav
sfx\towners\healer35.wav
sfx\towners\healer36.wav
sfx\towners\healer37.wav
sfx\towners\healer38.wav
sfx\towners\healer39.wav
sfx\towners\healer40.wav
sfx\towners\healer41.wav
sfx\towners\healer42.wav
sfx\towners\healer43.wav
sfx\towners\healer44.wav
sfx\towners\healer45.wav
sfx\towners\healer46.wav
sfx\towners\healer47.wav
sfx\towners\bmaid10.wav
sfx\towners\bmaid11.wav
sfx\towners\bmaid12.wav
sfx\towners\bmaid13.wav
sfx\towners\bmaid14.wav
sfx\towners\bmaid15.wav
sfx\towners\bmaid16.wav
sfx\towners\bmaid17.wav
sfx\towners\bmaid18.wav
sfx\towners\bmaid19.wav
sfx\towners\bmaid20.wav
sfx\towners\bmaid21.wav
sfx\towners\bmaid22.wav
sfx\towners\bmaid23.wav
sfx\towners\bmaid24.wav
sfx\towners\bmaid25.wav
sfx\towners\bmaid26.wav
sfx\towners\bmaid27.wav
sfx\towners\bmaid28.wav
sfx\towners\bmaid29.wav
sfx\towners\bmaid30.wav
sfx\towners\bmaid31.wav
sfx\towners\bmaid32.wav
sfx\towners\bmaid33.wav
sfx\towners\bmaid34.wav
sfx\towners\bmaid35.wav
sfx\towners\bmaid36.wav
sfx\towners\bmaid37.wav
sfx\towners\bmaid38.wav
sfx\towners\bmaid39.wav
sfx\towners\bmaid40.wav
sfx\towners\pegboy10.wav
sfx\towners\pegboy11.wav
sfx\towners\pegboy12.wav
sfx\towners\pegboy13.wav
sfx\towners\pegboy14.wav
sfx\towners\pegboy15.wav
sfx\towners\pegboy16.wav
sfx\towners\pegboy17.wav
sfx\towners\pegboy18.wav
sfx\towners\pegboy19.wav
sfx\towners\pegboy20.wav
sfx\towners\pegboy21.wav
sfx\towners\pegboy22.wav
sfx\towners\pegboy23.wav
sfx\towners\pegboy24.wav
sfx\towners\pegboy25.wav
sfx\towners\pegboy26.wav
sfx\towners\pegboy27.wav
sfx\towners\pegboy28.wav
sfx\towners\pegboy29.wav
sfx\towners\pegboy30.wav
sfx\towners\pegboy31.wav
sfx\towners\pegboy32.wav
sfx\towners\pegboy33.wav
sfx\towners\pegboy34.wav
sfx\towners\pegboy35.wav
sfx\towners\pegboy36.wav
sfx\towners\pegboy37.wav
sfx\towners\pegboy38.wav
sfx\towners\pegboy39.wav
sfx\towners\pegboy40.wav
sfx\towners\drunk10.wav
sfx\towners\drunk11.wav
sfx\towners\drunk12.wav
sfx\towners\drunk13.wav
sfx\towners\drunk14.wav
sfx\towners\drunk15.wav
sfx\towners\drunk16.wav
sfx\towners\drunk17.wav
sfx\towners\drunk18.wav
sfx\towners\drunk19.wav
sfx\towners\drunk20.wav
sfx\towners\drunk21.wav
sfx\towners\drunk22.wav
sfx\towners\drunk23.wav
sfx\towners\drunk24.wav
sfx\towners\drunk25.wav
sfx\towners\drunk26.wav
sfx\towners\drunk27.wav
sfx\towners\drunk28.wav
sfx\towners\drunk29.wav
sfx\towners\drunk30.wav
sfx\towners\drunk31.wav
sfx\towners\drunk32.wav
sfx\towners\drunk33.wav
sfx\towners\drunk34.wav
sfx\towners\drunk35.wav
sfx\towners\witch10.wav
sfx\towners\witch11.wav
sfx\towners\witch12.wav
sfx\towners\witch13.wav
sfx\towners\witch14.wav
sfx\towners\witch15.wav
sfx\towners\witch16.wav
sfx\towners\witch17.wav
sfx\towners\witch18.wav
sfx\towners\witch19.wav
sfx\towners\witch20.wav
sfx\towners\witch21.wav
sfx\towners\witch22.wav
sfx\towners\witch23.wav
sfx\towners\witch24.wav
sfx\towners\witch25.wav
sfx\towners\witch26.wav
sfx\towners\witch27.wav
sfx\towners\witch28.wav
sfx\towners\witch29.wav
sfx\towners\witch30.wav
sfx\towners\witch31.wav
sfx\towners\witch32.wav
sfx\towners\witch33.wav
sfx\towners\witch34.wav
sfx\towners\witch35.wav
sfx\towners\witch36.wav
sfx\towners\witch37.wav
sfx\towners\witch38.wav
sfx\towners\witch39.wav
sfx\towners\witch40.wav
sfx\towners\witch41.wav
sfx\towners\witch42.wav
sfx\towners\witch43.wav
sfx\towners\witch44.wav
sfx\towners\witch45.wav
sfx\towners\witch46.wav
sfx\towners\witch47.wav
sfx\towners\witch48.wav
sfx\towners\witch49.wav
sfx\towners\witch50.wav
sfx\towners\bsmith10.wav
sfx\towners\bsmith11.wav
sfx\towners\bsmith12.wav
sfx\towners\bsmith13.wav
sfx\towners\bsmith14.wav
sfx\towners\bsmith15.wav
sfx\towners\bsmith16.wav
sfx\towners\bsmith17.wav
sfx\towners\bsmith18.wav
sfx\towners\bsmith19.wav
sfx\towners\bsmith20.wav
sfx\towners\bsmith21.wav
sfx\towners\bsmith22.wav
sfx\towners\bsmith23.wav
sfx\towners\bsmith24.wav
sfx\towners\bsmith25.wav
sfx\towners\bsmith26.wav
sfx\towners\bsmith27.wav
sfx\towners\bsmith28.wav
sfx\towners\bsmith29.wav
sfx\towners\bsmith30.wav
sfx\towners\bsmith31.wav
sfx\towners\bsmith32.wav
sfx\towners\bsmith33.wav
sfx\towners\bsmith34.wav
sfx\towners\bsmith35.wav
sfx\towners\bsmith36.wav
sfx\towners\bsmith37.wav
sfx\towners\bsmith38.wav
sfx\towners\bsmith39.wav
sfx\towners\bsmith40.wav
sfx\towners\bsmith41.wav
sfx\towners\bsmith42.wav
sfx\towners\bsmith43.wav
sfx\towners\bsmith44.wav
sfx\towners\bsmith45.wav
sfx\towners\bsmith46.wav
sfx\towners\bsmith47.wav
sfx\towners\bsmith48.wav
sfx\towners\bsmith49.wav
sfx\towners\bsmith50.wav
sfx\towners\bsmith51.wav
sfx\towners\bsmith52.wav
sfx\towners\bsmith53.wav
sfx\towners\bsmith54.wav
sfx\towners\bsmith55.wav
sfx\towners\bsmith56.wav
sfx\towners\cow1.wav
sfx\towners\cow2.wav
sfx\towners\cow3.wav
sfx\towners\cow4.wav
sfx\towners\cow5.wav
sfx\towners\cow6.wav
sfx\towners\cow7.wav
sfx\towners\cow8.wav
sfx\towners\deadguy2.wav
sfx\rogue\rogue01.wav
sfx\rogue\rogue02.wav
sfx\rogue\rogue03.wav
sfx\rogue\rogue04.wav
sfx\rogue\rogue05.wav
sfx\rogue\rogue06.wav
sfx\rogue\rogue07.wav
sfx\rogue\rogue08.wav
sfx\rogue\rogue09.wav
sfx\rogue\rogue10.wav
sfx\rogue\rogue11.wav
sfx\rogue\rogue12.wav
sfx\rogue\rogue13.wav
sfx\rogue\rogue14.wav
sfx\rogue\rogue15.wav
sfx\rogue\rogue16.wav
sfx\rogue\rogue17.wav
sfx\rogue\rogue18.wav
sfx\rogue\rogue19.wav
sfx\rogue\rogue20.wav
sfx\rogue\rogue21.wav
sfx\rogue\rogue22.wav
sfx\rogue\rogue23.wav
sfx\rogue\rogue24.wav
sfx\rogue\rogue25.wav
sfx\rogue\rogue26.wav
sfx\rogue\rogue27.wav
sfx\rogue\rogue28.wav
sfx\rogue\rogue29.wav
sfx\rogue\rogue30.wav
sfx\rogue\rogue31.wav
sfx\rogue\rogue32.wav
sfx\rogue\rogue33.wav
sfx\rogue\rogue34.wav
sfx\rogue\rogue35.wav
sfx\rogue\rogue36.wav
sfx\rogue\rogue37.wav
sfx\rogue\rogue38.wav
sfx\rogue\rogue39.wav
sfx\rogue\rogue40.wav
sfx\rogue\rogue41.wav
sfx\rogue\rogue42.wav
sfx\rogue\rogue43.wav
sfx\rogue\rogue44.wav
sfx\rogue\rogue45.wav
sfx\rogue\rogue46.wav
sfx\rogue\rogue47.wav
sfx\rogue\rogue48.wav
sfx\rogue\rogue49.wav
sfx\rogue\rogue50.wav
sfx\rogue\rogue51.wav
sfx\rogue\rogue52.wav
sfx\rogue\rogue53.wav
sfx\rogue\rogue54.wav
sfx\rogue\rogue55.wav
sfx\rogue\rogue56.wav
sfx\rogue\rogue57.wav
sfx\rogue\rogue58.wav
sfx\rogue\rogue59.wav
sfx\rogue\rogue60.wav
sfx\rogue\rogue61.wav
sfx\rogue\rogue62.wav
sfx\rogue\rogue63.wav
sfx\rogue\rogue64.wav
sfx\rogue\rogue65.wav
sfx\rogue\rogue66.wav
sfx\rogue\rogue67.wav
sfx\rogue\rogue68.wav
sfx\rogue\rogue69.wav
sfx\rogue\rogue70.wav
sfx\rogue\rogue71.wav
sfx\rogue\rogue72.wav
sfx\rogue\rogue73.wav
sfx\rogue\rogue74.wav
sfx\rogue\rogue75.wav
sfx\rogue\rogue76.wav
sfx\rogue\rogue77.wav
sfx\rogue\rogue78.wav
sfx\rogue\rogue79.wav
sfx\rogue\rogue80.wav
sfx\rogue\rogue81.wav
sfx\rogue\rogue82.wav
sfx\rogue\rogue83.wav
sfx\rogue\rogue84.wav
sfx\rogue\rogue85.wav
sfx\rogue\rogue86.wav
sfx\rogue\rogue87.wav
sfx\rogue\rogue88.wav
sfx\rogue\rogue89.wav
sfx\rogue\rogue90.wav
sfx\rogue\rogue91.wav
sfx\rogue\rogue92.wav
sfx\rogue\rogue93.wav
sfx\rogue\rogue94.wav
sfx\rogue\rogue95.wav
sfx\rogue\rogue96.wav
sfx\rogue\rogue97.wav
sfx\rogue\rogue98.wav
sfx\rogue\rogue99.wav
sfx\rogue\rogue100.wav
sfx\rogue\rogue101.wav
sfx\rogue\rogue102.wav
towners\butch\deadguy.cel
towners\smith\smithn.cel
towners\smith\smithw.cel
towners\twnf\twnfn.cel
towners\twnf\twnfw.cel
